// Jest Snapshot v1, https://goo.gl/fbAQLP

exports[`Snapshot test of About 1`] = `
<div
  className="ik-about undefined"
>
  <div
    className="ik-about__author"
  >
    This site was designed and developed by: Igor Kazakov
  </div>
  <div
    className="ik-about__link"
  >
    GitHub URL:
    <a
      href="https://github.com/Igor157/FrontEnd-Project-2"
    >
      https://github.com/Igor157/FrontEnd-Project-2
    </a>
  </div>
  <div
    className="ik-about__link"
  >
    GitHub pages:
    <a
      href="https://igor157.github.io/ik-currency-project/#/"
    >
      https://igor157.github.io/ik-currency-project/#/
    </a>
  </div>
  <div
    className="ik-about__link"
  >
    Design:
    <a
      download={true}
      href="https://github.com/Igor157/Project2-beta/blob/master/files%20for%20download/Currency.pdf"
    >
      Currency.pdf
    </a>
  </div>
</div>
`;

exports[`Snapshot test of AvailableCurrencies 1`] = `
<div
  className="ik-available-currencies  ik-currency-page__available-currencies"
  onClick={[Function]}
>
  <div
    abr="AUD"
    className="ik-available-currencies__row"
    id={170}
    smth="ik-currency-tab"
  >
    <span
      aria-hidden={true}
      className="fa fa-money ik-available-currencies__icon"
      style={
        Object {
          "color": "white",
        }
      }
    />
    <div
      className="ik-available-currencies__abr"
    >
      AUD
    </div>
    <div
      className="ik-available-currencies__rate"
    >
      1.52850
    </div>
    <button
      className="ik-available-currencies__day-progress  ik-available-currencies__day-progress--green"
    >
      +0.0031
    </button>
  </div>
  <div
    abr="BGN"
    className="ik-available-currencies__row"
    id={191}
    smth="ik-currency-tab"
  >
    <span
      aria-hidden={true}
      className="fa fa-money ik-available-currencies__icon"
      style={
        Object {
          "color": "white",
        }
      }
    />
    <div
      className="ik-available-currencies__abr"
    >
      BGN
    </div>
    <div
      className="ik-available-currencies__rate"
    >
      1.24430
    </div>
    <button
      className="ik-available-currencies__day-progress  ik-available-currencies__day-progress--green"
    >
      +0.0044
    </button>
  </div>
  <div
    abr="UAH"
    className="ik-available-currencies__row"
    id={290}
    smth="ik-currency-tab"
  >
    <span
      aria-hidden={true}
      className="fa fa-money ik-available-currencies__icon"
      style={
        Object {
          "color": "white",
        }
      }
    />
    <div
      className="ik-available-currencies__abr"
    >
      UAH
    </div>
    <div
      className="ik-available-currencies__rate"
    >
      0.07503
    </div>
    <button
      className="ik-available-currencies__day-progress  ik-available-currencies__day-progress--green"
    >
      +0.0364
    </button>
  </div>
</div>
`;

exports[`Snapshot test of Search 1`] = `
<div
  className="ik-search undefined"
>
  <form
    className="ik-search__form"
  >
    <input
      className="ik-search__search-place"
      onChange={[Function]}
      placeholder="Search input"
      type="text"
      value="USD"
    />
    <div
      className="ik-search__search-button"
    >
      Search
    </div>
  </form>
</div>
`;
